[
  {"timestep": 0, "event": "start"},
  {"timestep": 107, "block": 0, "event": "division", "cell": 8, "childA": 8, "typeA": 9, "childB": 12, "typeB": 9},
  {"timestep": 162, "block": 0, "event": "division", "cell": 12, "childA": 12, "typeA": 9, "childB": 13, "typeB": 9},
  {"timestep": 172, "block": 0, "event": "division", "cell": 11, "childA": 11, "typeA": 9, "childB": 14, "typeB": 9},
  {"timestep": 174, "block": 0, "event": "division", "cell": 8, "childA": 8, "typeA": 9, "childB": 15, "typeB": 9},
  {"timestep": 215, "block": 0, "event": "division", "cell": 9, "childA": 9, "typeA": 9, "childB": 16, "typeB": 9},
  {"timestep": 220, "block": 0, "event": "division", "cell": 15, "childA": 15, "typeA": 9, "childB": 17, "typeB": 9},
  {"timestep": 231, "block": 0, "event": "division", "cell": 10, "childA": 10, "typeA": 9, "childB": 18, "typeB": 9},
  {"timestep": 251, "block": 0, "event": "division", "cell": 11, "childA": 11, "typeA": 9, "childB": 19, "typeB": 9},
  {"timestep": 285, "block": 0, "event": "division", "cell": 14, "childA": 14, "typeA": 9, "childB": 20, "typeB": 9},
  {"timestep": 294, "block": 0, "event": "division", "cell": 18, "childA": 18, "typeA": 9, "childB": 21, "typeB": 9},
  {"timestep": 312, "block": 0, "event": "division", "cell": 11, "childA": 11, "typeA": 9, "childB": 22, "typeB": 9},
  {"timestep": 315, "block": 0, "event": "division", "cell": 9, "childA": 9, "typeA": 9, "childB": 23, "typeB": 9},
  {"timestep": 317, "block": 0, "event": "division", "cell": 10, "childA": 10, "typeA": 9, "childB": 24, "typeB": 9},
  {"timestep": 357, "block": 0, "event": "division", "cell": 23, "childA": 23, "typeA": 9, "childB": 25, "typeB": 9},
  {"timestep": 365, "block": 0, "event": "division", "cell": 16, "childA": 16, "typeA": 9, "childB": 26, "typeB": 9},
  {"timestep": 368, "block": 0, "event": "division", "cell": 18, "childA": 18, "typeA": 9, "childB": 27, "typeB": 9},
  {"timestep": 372, "block": 0, "event": "division", "cell": 21, "childA": 21, "typeA": 9, "childB": 28, "typeB": 9},
  {"timestep": 374, "block": 0, "event": "division", "cell": 10, "childA": 10, "typeA": 9, "childB": 29, "typeB": 9},
  {"timestep": 379, "block": 0, "event": "division", "cell": 14, "childA": 14, "typeA": 9, "childB": 30, "typeB": 9},
  {"timestep": 387, "block": 0, "event": "division", "cell": 17, "childA": 17, "typeA": 9, "childB": 31, "typeB": 9},
  {"timestep": 417, "block": 0, "event": "division", "cell": 25, "childA": 25, "typeA": 9, "childB": 32, "typeB": 9},
  {"timestep": 419, "block": 0, "event": "division", "cell": 11, "childA": 11, "typeA": 9, "childB": 33, "typeB": 9},
  {"timestep": 421, "block": 0, "event": "division", "cell": 30, "childA": 30, "typeA": 9, "childB": 34, "typeB": 9},
  {"timestep": 433, "block": 0, "event": "division", "cell": 22, "childA": 22, "typeA": 9, "childB": 35, "typeB": 9},
  {"timestep": 439, "block": 0, "event": "division", "cell": 28, "childA": 28, "typeA": 9, "childB": 36, "typeB": 9},
  {"timestep": 454, "block": 0, "event": "division", "cell": 25, "childA": 25, "typeA": 9, "childB": 37, "typeB": 9},
  {"timestep": 458, "block": 0, "event": "division", "cell": 26, "childA": 26, "typeA": 9, "childB": 38, "typeB": 9},
  {"timestep": 466, "block": 0, "event": "division", "cell": 15, "childA": 15, "typeA": 9, "childB": 39, "typeB": 9},
  {"timestep": 474, "block": 0, "event": "division", "cell": 29, "childA": 29, "typeA": 9, "childB": 40, "typeB": 9},
  {"timestep": 491, "block": 0, "event": "division", "cell": 33, "childA": 33, "typeA": 9, "childB": 41, "typeB": 9},
  {"timestep": 492, "block": 0, "event": "division", "cell": 30, "childA": 30, "typeA": 9, "childB": 42, "typeB": 9},
  {"timestep": 498, "block": 0, "event": "division", "cell": 16, "childA": 16, "typeA": 9, "childB": 43, "typeB": 9},
  {"timestep": 498, "block": 0, "event": "division", "cell": 14, "childA": 14, "typeA": 9, "childB": 44, "typeB": 9},
  {"timestep": 500, "block": 0, "event": "division", "cell": 22, "childA": 22, "typeA": 9, "childB": 45, "typeB": 9},
  {"timestep": 501, "block": 0, "event": "division", "cell": 20, "childA": 20, "typeA": 9, "childB": 46, "typeB": 9}
]
