   _  _   _   ___ _      _  _
  | \| | /_\ / __| |_ _ | |/_\   
  | .` |/ _ \\__ \  _| || / _ \
  |_|\_/_/ \_\___/\__|\__/_/ \_\v1.0
  Neoteric Autonomous STencil code for Jolly Algorithms

[37;1minfo     0 Load config include '/p/project1/tissuetwin/herold2/async-abc-paper/experiments/data/cpm_reference_division_only/reference_seed_3/configs/filling.json'.[0m
#Information: {
  "compiler": "13.3.0",
  "gitbranch": "refs/heads/feature/174-python-binding",
  "githash": "0c8c8289967aeff887b81c8050dbf3901f376ecf",
  "instructionSet": "Scalar",
  "processes": 1,
  "startTime": "2026-09-19 00:55:15",
  "version": "1.0"
}
[37;1minfo     0 The upper bound of the MPI tag is 268,435,455. 28 bits can be used totally; 23 bits for block IDs (max. 8,388,607 block IDs).[0m
[37;1minfo     0 MPITagBitsForBlockID is currently 18 (max. 262,143 block IDs).[0m
[37;1minfo     0 Start simulation with 1 processes on 1x1x1 (1) blocks with 1 active blocks with 1 blocks/process.[0m
[37;1minfo     0 Register function 'Volume00'[0m
[37;1minfo     0 Register function 'Surface01'[0m
[37;1minfo     0 Register function 'Motility00'[0m
[37;1minfo     0 Register function 'Adhesion01'[0m
[37;1minfo     0 Evaluator: Add variable 'volume'.[0m
[37;1minfo     0 Evaluator: Add variable 'volume0'.[0m
[37;1minfo     0 Evaluator: Add variable 'surface'.[0m
[37;1minfo     0 Evaluator: Add variable 'surface0'.[0m
[37;1minfo     0 Evaluator: Add variable 'age'.[0m
[37;1minfo     0 Evaluator: Add variable 'generation'.[0m
[37;1minfo     0 Evaluator: Add variable 'inhibitionstrength'.[0m
[37;1minfo     0 Evaluator: Add function 'signal'.[0m
[37;1minfo     0 Evaluator: Add function 'division_cond_cancer() = ( volume >= 0.9 * volume0 )  & ( rnd() <= 0.009 ) '.[0m
[37;1minfo     0 Cell type 0 register division condition 'false'.[0m
[37;1minfo     0 Cell type 1 register division condition 'false'.[0m
[37;1minfo     0 Cell type 2 register division condition 'false'.[0m
[37;1minfo     0 Cell type 3 register division condition 'false'.[0m
[37;1minfo     0 Cell type 4 register division condition 'false'.[0m
[37;1minfo     0 Cell type 5 register division condition 'false'.[0m
[37;1minfo     0 Cell type 6 register division condition 'false'.[0m
[37;1minfo     0 Cell type 7 register division condition 'false'.[0m
[37;1minfo     0 Cell type 8 register division condition 'false'.[0m
[37;1minfo     0 Cell type 9 register division condition 'division_cond_cancer()'.[0m
[37;1minfo     0 Cell type 10 register division condition 'false'.[0m
[37;1minfo     0 Cell type 11 register division condition 'false'.[0m
[37;1minfo     0 Cell type 12 register division condition 'false'.[0m
[37;1minfo     0 Cell type 13 register division condition 'false'.[0m
[37;1minfo     0 Cell type 14 register division condition 'false'.[0m
[37;1minfo     0 Reserved cellIDs per block: 4294967283[0m
[32;1m *[0m 2026-09-19 00:55:16 Starting simulation...[0m
[32;1m *[0m 2026-09-19 00:55:17 Time-step:     250 (250)    0.005137 s/step ETC: 00:00:01[0m
[32;1m *[0m 2026-09-19 00:55:18 Write CellInfo             Frame:    0 (    500)[0m
[32;1m *[0m 2026-09-19 00:55:18 Time-step:     500 (500)    0.006035 s/step ETC: 00:00:00[0m
[32;1m *[0m 2026-09-19 00:55:18 Write CellInfo             Frame:    1 (    501)[0m
[32;1m *[0m 2026-09-19 00:55:18 Simulation completed. Total time used: 00:00:03 average time per step: 0.00559639 s[0m
