[
  {"timestep": 0, "event": "start"},
  {"timestep": 134, "block": 0, "event": "division", "cell": 8, "childA": 8, "typeA": 9, "childB": 12, "typeB": 9},
  {"timestep": 148, "block": 0, "event": "division", "cell": 11, "childA": 11, "typeA": 9, "childB": 13, "typeB": 9},
  {"timestep": 189, "block": 0, "event": "division", "cell": 11, "childA": 11, "typeA": 9, "childB": 14, "typeB": 9},
  {"timestep": 202, "block": 0, "event": "division", "cell": 10, "childA": 10, "typeA": 9, "childB": 15, "typeB": 9},
  {"timestep": 222, "block": 0, "event": "division", "cell": 9, "childA": 9, "typeA": 9, "childB": 16, "typeB": 9},
  {"timestep": 223, "block": 0, "event": "division", "cell": 12, "childA": 12, "typeA": 9, "childB": 17, "typeB": 9},
  {"timestep": 233, "block": 0, "event": "division", "cell": 14, "childA": 14, "typeA": 9, "childB": 18, "typeB": 9},
  {"timestep": 267, "block": 0, "event": "division", "cell": 12, "childA": 12, "typeA": 9, "childB": 19, "typeB": 9},
  {"timestep": 274, "block": 0, "event": "division", "cell": 16, "childA": 16, "typeA": 9, "childB": 20, "typeB": 9},
  {"timestep": 282, "block": 0, "event": "division", "cell": 15, "childA": 15, "typeA": 9, "childB": 21, "typeB": 9},
  {"timestep": 290, "block": 0, "event": "division", "cell": 8, "childA": 8, "typeA": 9, "childB": 22, "typeB": 9},
  {"timestep": 302, "block": 0, "event": "division", "cell": 13, "childA": 13, "typeA": 9, "childB": 23, "typeB": 9},
  {"timestep": 307, "block": 0, "event": "division", "cell": 19, "childA": 19, "typeA": 9, "childB": 24, "typeB": 9},
  {"timestep": 319, "block": 0, "event": "division", "cell": 10, "childA": 10, "typeA": 9, "childB": 25, "typeB": 9},
  {"timestep": 323, "block": 0, "event": "division", "cell": 9, "childA": 9, "typeA": 9, "childB": 26, "typeB": 9},
  {"timestep": 325, "block": 0, "event": "division", "cell": 18, "childA": 18, "typeA": 9, "childB": 27, "typeB": 9},
  {"timestep": 343, "block": 0, "event": "division", "cell": 8, "childA": 8, "typeA": 9, "childB": 28, "typeB": 9},
  {"timestep": 344, "block": 0, "event": "division", "cell": 27, "childA": 27, "typeA": 9, "childB": 29, "typeB": 9},
  {"timestep": 349, "block": 0, "event": "division", "cell": 15, "childA": 15, "typeA": 9, "childB": 30, "typeB": 9},
  {"timestep": 375, "block": 0, "event": "division", "cell": 9, "childA": 9, "typeA": 9, "childB": 31, "typeB": 9},
  {"timestep": 385, "block": 0, "event": "division", "cell": 20, "childA": 20, "typeA": 9, "childB": 32, "typeB": 9},
  {"timestep": 386, "block": 0, "event": "division", "cell": 22, "childA": 22, "typeA": 9, "childB": 33, "typeB": 9},
  {"timestep": 394, "block": 0, "event": "division", "cell": 13, "childA": 13, "typeA": 9, "childB": 34, "typeB": 9},
  {"timestep": 407, "block": 0, "event": "division", "cell": 18, "childA": 18, "typeA": 9, "childB": 35, "typeB": 9},
  {"timestep": 410, "block": 0, "event": "division", "cell": 10, "childA": 10, "typeA": 9, "childB": 36, "typeB": 9},
  {"timestep": 414, "block": 0, "event": "division", "cell": 28, "childA": 28, "typeA": 9, "childB": 37, "typeB": 9},
  {"timestep": 421, "block": 0, "event": "division", "cell": 32, "childA": 32, "typeA": 9, "childB": 38, "typeB": 9},
  {"timestep": 438, "block": 0, "event": "division", "cell": 33, "childA": 33, "typeA": 9, "childB": 39, "typeB": 9},
  {"timestep": 439, "block": 0, "event": "division", "cell": 31, "childA": 31, "typeA": 9, "childB": 40, "typeB": 9},
  {"timestep": 469, "block": 0, "event": "division", "cell": 34, "childA": 34, "typeA": 9, "childB": 41, "typeB": 9},
  {"timestep": 475, "block": 0, "event": "division", "cell": 35, "childA": 35, "typeA": 9, "childB": 42, "typeB": 9},
  {"timestep": 475, "block": 0, "event": "division", "cell": 24, "childA": 24, "typeA": 9, "childB": 43, "typeB": 9},
  {"timestep": 482, "block": 0, "event": "division", "cell": 19, "childA": 19, "typeA": 9, "childB": 44, "typeB": 9},
  {"timestep": 485, "block": 0, "event": "division", "cell": 16, "childA": 16, "typeA": 9, "childB": 45, "typeB": 9},
  {"timestep": 487, "block": 0, "event": "division", "cell": 15, "childA": 15, "typeA": 9, "childB": 46, "typeB": 9},
  {"timestep": 495, "block": 0, "event": "division", "cell": 12, "childA": 12, "typeA": 9, "childB": 47, "typeB": 9},
  {"timestep": 498, "block": 0, "event": "division", "cell": 25, "childA": 25, "typeA": 9, "childB": 48, "typeB": 9}
]
