[
  {"timestep": 0, "event": "start"},
  {"timestep": 97, "block": 0, "event": "division", "cell": 11, "childA": 11, "typeA": 9, "childB": 12, "typeB": 9},
  {"timestep": 105, "block": 0, "event": "division", "cell": 10, "childA": 10, "typeA": 9, "childB": 13, "typeB": 9},
  {"timestep": 112, "block": 0, "event": "division", "cell": 8, "childA": 8, "typeA": 9, "childB": 14, "typeB": 9},
  {"timestep": 115, "block": 0, "event": "division", "cell": 9, "childA": 9, "typeA": 9, "childB": 15, "typeB": 9},
  {"timestep": 155, "block": 0, "event": "division", "cell": 12, "childA": 12, "typeA": 9, "childB": 16, "typeB": 9},
  {"timestep": 160, "block": 0, "event": "division", "cell": 10, "childA": 10, "typeA": 9, "childB": 17, "typeB": 9},
  {"timestep": 161, "block": 0, "event": "division", "cell": 13, "childA": 13, "typeA": 9, "childB": 18, "typeB": 9},
  {"timestep": 200, "block": 0, "event": "division", "cell": 15, "childA": 15, "typeA": 9, "childB": 19, "typeB": 9},
  {"timestep": 231, "block": 0, "event": "division", "cell": 16, "childA": 16, "typeA": 9, "childB": 20, "typeB": 9},
  {"timestep": 253, "block": 0, "event": "division", "cell": 12, "childA": 12, "typeA": 9, "childB": 21, "typeB": 9},
  {"timestep": 267, "block": 0, "event": "division", "cell": 15, "childA": 15, "typeA": 9, "childB": 22, "typeB": 9},
  {"timestep": 271, "block": 0, "event": "division", "cell": 17, "childA": 17, "typeA": 9, "childB": 23, "typeB": 9},
  {"timestep": 274, "block": 0, "event": "division", "cell": 20, "childA": 20, "typeA": 9, "childB": 24, "typeB": 9},
  {"timestep": 283, "block": 0, "event": "division", "cell": 8, "childA": 8, "typeA": 9, "childB": 25, "typeB": 9},
  {"timestep": 288, "block": 0, "event": "division", "cell": 21, "childA": 21, "typeA": 9, "childB": 26, "typeB": 9},
  {"timestep": 296, "block": 0, "event": "division", "cell": 9, "childA": 9, "typeA": 9, "childB": 27, "typeB": 9},
  {"timestep": 298, "block": 0, "event": "division", "cell": 13, "childA": 13, "typeA": 9, "childB": 28, "typeB": 9},
  {"timestep": 307, "block": 0, "event": "division", "cell": 15, "childA": 15, "typeA": 9, "childB": 29, "typeB": 9},
  {"timestep": 308, "block": 0, "event": "division", "cell": 12, "childA": 12, "typeA": 9, "childB": 30, "typeB": 9},
  {"timestep": 336, "block": 0, "event": "division", "cell": 18, "childA": 18, "typeA": 9, "childB": 31, "typeB": 9},
  {"timestep": 349, "block": 0, "event": "division", "cell": 10, "childA": 10, "typeA": 9, "childB": 32, "typeB": 9},
  {"timestep": 351, "block": 0, "event": "division", "cell": 28, "childA": 28, "typeA": 9, "childB": 33, "typeB": 9},
  {"timestep": 352, "block": 0, "event": "division", "cell": 13, "childA": 13, "typeA": 9, "childB": 34, "typeB": 9},
  {"timestep": 373, "block": 0, "event": "division", "cell": 19, "childA": 19, "typeA": 9, "childB": 35, "typeB": 9},
  {"timestep": 378, "block": 0, "event": "division", "cell": 29, "childA": 29, "typeA": 9, "childB": 36, "typeB": 9},
  {"timestep": 388, "block": 0, "event": "division", "cell": 26, "childA": 26, "typeA": 9, "childB": 37, "typeB": 9},
  {"timestep": 390, "block": 0, "event": "division", "cell": 32, "childA": 32, "typeA": 9, "childB": 38, "typeB": 9},
  {"timestep": 394, "block": 0, "event": "division", "cell": 19, "childA": 19, "typeA": 9, "childB": 39, "typeB": 9},
  {"timestep": 395, "block": 0, "event": "division", "cell": 13, "childA": 13, "typeA": 9, "childB": 40, "typeB": 9},
  {"timestep": 399, "block": 0, "event": "division", "cell": 8, "childA": 8, "typeA": 9, "childB": 41, "typeB": 9},
  {"timestep": 401, "block": 0, "event": "division", "cell": 33, "childA": 33, "typeA": 9, "childB": 42, "typeB": 9},
  {"timestep": 407, "block": 0, "event": "division", "cell": 15, "childA": 15, "typeA": 9, "childB": 43, "typeB": 9},
  {"timestep": 409, "block": 0, "event": "division", "cell": 31, "childA": 31, "typeA": 9, "childB": 44, "typeB": 9},
  {"timestep": 415, "block": 0, "event": "division", "cell": 28, "childA": 28, "typeA": 9, "childB": 45, "typeB": 9},
  {"timestep": 423, "block": 0, "event": "division", "cell": 37, "childA": 37, "typeA": 9, "childB": 46, "typeB": 9},
  {"timestep": 431, "block": 0, "event": "division", "cell": 32, "childA": 32, "typeA": 9, "childB": 47, "typeB": 9},
  {"timestep": 435, "block": 0, "event": "division", "cell": 18, "childA": 18, "typeA": 9, "childB": 48, "typeB": 9},
  {"timestep": 435, "block": 0, "event": "division", "cell": 39, "childA": 39, "typeA": 9, "childB": 49, "typeB": 9},
  {"timestep": 439, "block": 0, "event": "division", "cell": 10, "childA": 10, "typeA": 9, "childB": 50, "typeB": 9},
  {"timestep": 447, "block": 0, "event": "division", "cell": 25, "childA": 25, "typeA": 9, "childB": 51, "typeB": 9},
  {"timestep": 452, "block": 0, "event": "division", "cell": 40, "childA": 40, "typeA": 9, "childB": 52, "typeB": 9},
  {"timestep": 453, "block": 0, "event": "division", "cell": 17, "childA": 17, "typeA": 9, "childB": 53, "typeB": 9},
  {"timestep": 455, "block": 0, "event": "division", "cell": 31, "childA": 31, "typeA": 9, "childB": 54, "typeB": 9},
  {"timestep": 458, "block": 0, "event": "division", "cell": 19, "childA": 19, "typeA": 9, "childB": 55, "typeB": 9},
  {"timestep": 467, "block": 0, "event": "division", "cell": 43, "childA": 43, "typeA": 9, "childB": 56, "typeB": 9},
  {"timestep": 467, "block": 0, "event": "division", "cell": 16, "childA": 16, "typeA": 9, "childB": 57, "typeB": 9},
  {"timestep": 467, "block": 0, "event": "division", "cell": 24, "childA": 24, "typeA": 9, "childB": 58, "typeB": 9},
  {"timestep": 469, "block": 0, "event": "division", "cell": 37, "childA": 37, "typeA": 9, "childB": 59, "typeB": 9},
  {"timestep": 475, "block": 0, "event": "division", "cell": 11, "childA": 11, "typeA": 9, "childB": 60, "typeB": 9},
  {"timestep": 476, "block": 0, "event": "division", "cell": 34, "childA": 34, "typeA": 9, "childB": 61, "typeB": 9},
  {"timestep": 479, "block": 0, "event": "division", "cell": 20, "childA": 20, "typeA": 9, "childB": 62, "typeB": 9},
  {"timestep": 486, "block": 0, "event": "division", "cell": 39, "childA": 39, "typeA": 9, "childB": 63, "typeB": 9},
  {"timestep": 488, "block": 0, "event": "division", "cell": 46, "childA": 46, "typeA": 9, "childB": 64, "typeB": 9},
  {"timestep": 488, "block": 0, "event": "division", "cell": 41, "childA": 41, "typeA": 9, "childB": 65, "typeB": 9},
  {"timestep": 491, "block": 0, "event": "division", "cell": 38, "childA": 38, "typeA": 9, "childB": 66, "typeB": 9}
]
