[
  {"timestep": 0, "event": "start"},
  {"timestep": 107, "block": 0, "event": "division", "cell": 11, "childA": 11, "typeA": 9, "childB": 12, "typeB": 9},
  {"timestep": 185, "block": 0, "event": "division", "cell": 8, "childA": 8, "typeA": 9, "childB": 13, "typeB": 9},
  {"timestep": 201, "block": 0, "event": "division", "cell": 9, "childA": 9, "typeA": 9, "childB": 14, "typeB": 9},
  {"timestep": 239, "block": 0, "event": "division", "cell": 8, "childA": 8, "typeA": 9, "childB": 15, "typeB": 9},
  {"timestep": 312, "block": 0, "event": "division", "cell": 13, "childA": 13, "typeA": 9, "childB": 16, "typeB": 9},
  {"timestep": 317, "block": 0, "event": "division", "cell": 9, "childA": 9, "typeA": 9, "childB": 17, "typeB": 9},
  {"timestep": 351, "block": 0, "event": "division", "cell": 8, "childA": 8, "typeA": 9, "childB": 18, "typeB": 9},
  {"timestep": 379, "block": 0, "event": "division", "cell": 16, "childA": 16, "typeA": 9, "childB": 19, "typeB": 9},
  {"timestep": 381, "block": 0, "event": "division", "cell": 11, "childA": 11, "typeA": 9, "childB": 20, "typeB": 9},
  {"timestep": 383, "block": 0, "event": "division", "cell": 17, "childA": 17, "typeA": 9, "childB": 21, "typeB": 9},
  {"timestep": 388, "block": 0, "event": "division", "cell": 9, "childA": 9, "typeA": 9, "childB": 22, "typeB": 9},
  {"timestep": 420, "block": 0, "event": "division", "cell": 14, "childA": 14, "typeA": 9, "childB": 23, "typeB": 9},
  {"timestep": 424, "block": 0, "event": "division", "cell": 10, "childA": 10, "typeA": 9, "childB": 24, "typeB": 9},
  {"timestep": 426, "block": 0, "event": "division", "cell": 18, "childA": 18, "typeA": 9, "childB": 25, "typeB": 9},
  {"timestep": 456, "block": 0, "event": "division", "cell": 20, "childA": 20, "typeA": 9, "childB": 26, "typeB": 9},
  {"timestep": 457, "block": 0, "event": "division", "cell": 15, "childA": 15, "typeA": 9, "childB": 27, "typeB": 9},
  {"timestep": 466, "block": 0, "event": "division", "cell": 25, "childA": 25, "typeA": 9, "childB": 28, "typeB": 9},
  {"timestep": 483, "block": 0, "event": "division", "cell": 9, "childA": 9, "typeA": 9, "childB": 29, "typeB": 9},
  {"timestep": 483, "block": 0, "event": "division", "cell": 10, "childA": 10, "typeA": 9, "childB": 30, "typeB": 9}
]
