[
  {"timestep": 0, "event": "start"},
  {"timestep": 108, "block": 0, "event": "division", "cell": 10, "childA": 10, "typeA": 9, "childB": 12, "typeB": 9},
  {"timestep": 157, "block": 0, "event": "division", "cell": 10, "childA": 10, "typeA": 9, "childB": 13, "typeB": 9},
  {"timestep": 158, "block": 0, "event": "division", "cell": 11, "childA": 11, "typeA": 9, "childB": 14, "typeB": 9},
  {"timestep": 211, "block": 0, "event": "division", "cell": 13, "childA": 13, "typeA": 9, "childB": 15, "typeB": 9},
  {"timestep": 212, "block": 0, "event": "division", "cell": 14, "childA": 14, "typeA": 9, "childB": 16, "typeB": 9},
  {"timestep": 234, "block": 0, "event": "division", "cell": 12, "childA": 12, "typeA": 9, "childB": 17, "typeB": 9},
  {"timestep": 239, "block": 0, "event": "division", "cell": 11, "childA": 11, "typeA": 9, "childB": 18, "typeB": 9},
  {"timestep": 253, "block": 0, "event": "division", "cell": 16, "childA": 16, "typeA": 9, "childB": 19, "typeB": 9},
  {"timestep": 273, "block": 0, "event": "division", "cell": 15, "childA": 15, "typeA": 9, "childB": 20, "typeB": 9},
  {"timestep": 274, "block": 0, "event": "division", "cell": 14, "childA": 14, "typeA": 9, "childB": 21, "typeB": 9},
  {"timestep": 279, "block": 0, "event": "division", "cell": 13, "childA": 13, "typeA": 9, "childB": 22, "typeB": 9},
  {"timestep": 291, "block": 0, "event": "division", "cell": 9, "childA": 9, "typeA": 9, "childB": 23, "typeB": 9},
  {"timestep": 310, "block": 0, "event": "division", "cell": 11, "childA": 11, "typeA": 9, "childB": 24, "typeB": 9},
  {"timestep": 310, "block": 0, "event": "division", "cell": 17, "childA": 17, "typeA": 9, "childB": 25, "typeB": 9},
  {"timestep": 330, "block": 0, "event": "division", "cell": 14, "childA": 14, "typeA": 9, "childB": 26, "typeB": 9},
  {"timestep": 333, "block": 0, "event": "division", "cell": 12, "childA": 12, "typeA": 9, "childB": 27, "typeB": 9},
  {"timestep": 340, "block": 0, "event": "division", "cell": 20, "childA": 20, "typeA": 9, "childB": 28, "typeB": 9},
  {"timestep": 341, "block": 0, "event": "division", "cell": 10, "childA": 10, "typeA": 9, "childB": 29, "typeB": 9},
  {"timestep": 343, "block": 0, "event": "division", "cell": 24, "childA": 24, "typeA": 9, "childB": 30, "typeB": 9},
  {"timestep": 346, "block": 0, "event": "division", "cell": 16, "childA": 16, "typeA": 9, "childB": 31, "typeB": 9},
  {"timestep": 347, "block": 0, "event": "division", "cell": 9, "childA": 9, "typeA": 9, "childB": 32, "typeB": 9},
  {"timestep": 361, "block": 0, "event": "division", "cell": 15, "childA": 15, "typeA": 9, "childB": 33, "typeB": 9},
  {"timestep": 383, "block": 0, "event": "division", "cell": 8, "childA": 8, "typeA": 9, "childB": 34, "typeB": 9},
  {"timestep": 419, "block": 0, "event": "division", "cell": 28, "childA": 28, "typeA": 9, "childB": 35, "typeB": 9},
  {"timestep": 420, "block": 0, "event": "division", "cell": 29, "childA": 29, "typeA": 9, "childB": 36, "typeB": 9},
  {"timestep": 421, "block": 0, "event": "division", "cell": 20, "childA": 20, "typeA": 9, "childB": 37, "typeB": 9},
  {"timestep": 425, "block": 0, "event": "division", "cell": 17, "childA": 17, "typeA": 9, "childB": 38, "typeB": 9},
  {"timestep": 428, "block": 0, "event": "division", "cell": 12, "childA": 12, "typeA": 9, "childB": 39, "typeB": 9},
  {"timestep": 429, "block": 0, "event": "division", "cell": 10, "childA": 10, "typeA": 9, "childB": 40, "typeB": 9},
  {"timestep": 438, "block": 0, "event": "division", "cell": 30, "childA": 30, "typeA": 9, "childB": 41, "typeB": 9},
  {"timestep": 439, "block": 0, "event": "division", "cell": 13, "childA": 13, "typeA": 9, "childB": 42, "typeB": 9},
  {"timestep": 444, "block": 0, "event": "division", "cell": 15, "childA": 15, "typeA": 9, "childB": 43, "typeB": 9},
  {"timestep": 445, "block": 0, "event": "division", "cell": 14, "childA": 14, "typeA": 9, "childB": 44, "typeB": 9},
  {"timestep": 445, "block": 0, "event": "division", "cell": 23, "childA": 23, "typeA": 9, "childB": 45, "typeB": 9},
  {"timestep": 455, "block": 0, "event": "division", "cell": 34, "childA": 34, "typeA": 9, "childB": 46, "typeB": 9},
  {"timestep": 462, "block": 0, "event": "division", "cell": 31, "childA": 31, "typeA": 9, "childB": 47, "typeB": 9},
  {"timestep": 481, "block": 0, "event": "division", "cell": 26, "childA": 26, "typeA": 9, "childB": 48, "typeB": 9},
  {"timestep": 484, "block": 0, "event": "division", "cell": 22, "childA": 22, "typeA": 9, "childB": 49, "typeB": 9},
  {"timestep": 485, "block": 0, "event": "division", "cell": 15, "childA": 15, "typeA": 9, "childB": 50, "typeB": 9},
  {"timestep": 488, "block": 0, "event": "division", "cell": 40, "childA": 40, "typeA": 9, "childB": 51, "typeB": 9},
  {"timestep": 488, "block": 0, "event": "division", "cell": 24, "childA": 24, "typeA": 9, "childB": 52, "typeB": 9},
  {"timestep": 490, "block": 0, "event": "division", "cell": 43, "childA": 43, "typeA": 9, "childB": 53, "typeB": 9},
  {"timestep": 496, "block": 0, "event": "division", "cell": 13, "childA": 13, "typeA": 9, "childB": 54, "typeB": 9},
  {"timestep": 497, "block": 0, "event": "division", "cell": 9, "childA": 9, "typeA": 9, "childB": 55, "typeB": 9},
  {"timestep": 499, "block": 0, "event": "division", "cell": 18, "childA": 18, "typeA": 9, "childB": 56, "typeB": 9}
]
