[
  {"timestep": 0, "event": "start"},
  {"timestep": 92, "block": 0, "event": "division", "cell": 11, "childA": 11, "typeA": 9, "childB": 12, "typeB": 9},
  {"timestep": 148, "block": 0, "event": "division", "cell": 10, "childA": 10, "typeA": 9, "childB": 13, "typeB": 9},
  {"timestep": 148, "block": 0, "event": "division", "cell": 9, "childA": 9, "typeA": 9, "childB": 14, "typeB": 9},
  {"timestep": 159, "block": 0, "event": "division", "cell": 12, "childA": 12, "typeA": 9, "childB": 15, "typeB": 9},
  {"timestep": 203, "block": 0, "event": "division", "cell": 13, "childA": 13, "typeA": 9, "childB": 16, "typeB": 9},
  {"timestep": 204, "block": 0, "event": "division", "cell": 14, "childA": 14, "typeA": 9, "childB": 17, "typeB": 9},
  {"timestep": 278, "block": 0, "event": "division", "cell": 15, "childA": 15, "typeA": 9, "childB": 18, "typeB": 9},
  {"timestep": 285, "block": 0, "event": "division", "cell": 8, "childA": 8, "typeA": 9, "childB": 19, "typeB": 9},
  {"timestep": 297, "block": 0, "event": "division", "cell": 11, "childA": 11, "typeA": 9, "childB": 20, "typeB": 9},
  {"timestep": 322, "block": 0, "event": "division", "cell": 10, "childA": 10, "typeA": 9, "childB": 21, "typeB": 9},
  {"timestep": 334, "block": 0, "event": "division", "cell": 18, "childA": 18, "typeA": 9, "childB": 22, "typeB": 9},
  {"timestep": 348, "block": 0, "event": "division", "cell": 12, "childA": 12, "typeA": 9, "childB": 23, "typeB": 9},
  {"timestep": 359, "block": 0, "event": "division", "cell": 11, "childA": 11, "typeA": 9, "childB": 24, "typeB": 9},
  {"timestep": 372, "block": 0, "event": "division", "cell": 17, "childA": 17, "typeA": 9, "childB": 25, "typeB": 9},
  {"timestep": 386, "block": 0, "event": "division", "cell": 13, "childA": 13, "typeA": 9, "childB": 26, "typeB": 9},
  {"timestep": 389, "block": 0, "event": "division", "cell": 21, "childA": 21, "typeA": 9, "childB": 27, "typeB": 9},
  {"timestep": 394, "block": 0, "event": "division", "cell": 9, "childA": 9, "typeA": 9, "childB": 28, "typeB": 9},
  {"timestep": 415, "block": 0, "event": "division", "cell": 19, "childA": 19, "typeA": 9, "childB": 29, "typeB": 9},
  {"timestep": 418, "block": 0, "event": "division", "cell": 16, "childA": 16, "typeA": 9, "childB": 30, "typeB": 9},
  {"timestep": 428, "block": 0, "event": "division", "cell": 11, "childA": 11, "typeA": 9, "childB": 31, "typeB": 9},
  {"timestep": 439, "block": 0, "event": "division", "cell": 28, "childA": 28, "typeA": 9, "childB": 32, "typeB": 9},
  {"timestep": 472, "block": 0, "event": "division", "cell": 8, "childA": 8, "typeA": 9, "childB": 33, "typeB": 9},
  {"timestep": 481, "block": 0, "event": "division", "cell": 12, "childA": 12, "typeA": 9, "childB": 34, "typeB": 9},
  {"timestep": 482, "block": 0, "event": "division", "cell": 15, "childA": 15, "typeA": 9, "childB": 35, "typeB": 9},
  {"timestep": 484, "block": 0, "event": "division", "cell": 13, "childA": 13, "typeA": 9, "childB": 36, "typeB": 9},
  {"timestep": 497, "block": 0, "event": "division", "cell": 22, "childA": 22, "typeA": 9, "childB": 37, "typeB": 9},
  {"timestep": 500, "block": 0, "event": "division", "cell": 18, "childA": 18, "typeA": 9, "childB": 38, "typeB": 9}
]
