[
  {"timestep": 0, "event": "start"},
  {"timestep": 114, "block": 0, "event": "division", "cell": 8, "childA": 8, "typeA": 9, "childB": 12, "typeB": 9},
  {"timestep": 198, "block": 0, "event": "division", "cell": 9, "childA": 9, "typeA": 9, "childB": 13, "typeB": 9},
  {"timestep": 213, "block": 0, "event": "division", "cell": 12, "childA": 12, "typeA": 9, "childB": 14, "typeB": 9},
  {"timestep": 260, "block": 0, "event": "division", "cell": 9, "childA": 9, "typeA": 9, "childB": 15, "typeB": 9},
  {"timestep": 264, "block": 0, "event": "division", "cell": 13, "childA": 13, "typeA": 9, "childB": 16, "typeB": 9},
  {"timestep": 316, "block": 0, "event": "division", "cell": 10, "childA": 10, "typeA": 9, "childB": 17, "typeB": 9},
  {"timestep": 328, "block": 0, "event": "division", "cell": 9, "childA": 9, "typeA": 9, "childB": 18, "typeB": 9},
  {"timestep": 335, "block": 0, "event": "division", "cell": 16, "childA": 16, "typeA": 9, "childB": 19, "typeB": 9},
  {"timestep": 336, "block": 0, "event": "division", "cell": 17, "childA": 17, "typeA": 9, "childB": 20, "typeB": 9},
  {"timestep": 356, "block": 0, "event": "division", "cell": 13, "childA": 13, "typeA": 9, "childB": 21, "typeB": 9},
  {"timestep": 387, "block": 0, "event": "division", "cell": 14, "childA": 14, "typeA": 9, "childB": 22, "typeB": 9},
  {"timestep": 389, "block": 0, "event": "division", "cell": 19, "childA": 19, "typeA": 9, "childB": 23, "typeB": 9},
  {"timestep": 404, "block": 0, "event": "division", "cell": 16, "childA": 16, "typeA": 9, "childB": 24, "typeB": 9},
  {"timestep": 436, "block": 0, "event": "division", "cell": 22, "childA": 22, "typeA": 9, "childB": 25, "typeB": 9},
  {"timestep": 453, "block": 0, "event": "division", "cell": 24, "childA": 24, "typeA": 9, "childB": 26, "typeB": 9},
  {"timestep": 456, "block": 0, "event": "division", "cell": 23, "childA": 23, "typeA": 9, "childB": 27, "typeB": 9},
  {"timestep": 462, "block": 0, "event": "division", "cell": 9, "childA": 9, "typeA": 9, "childB": 28, "typeB": 9},
  {"timestep": 466, "block": 0, "event": "division", "cell": 19, "childA": 19, "typeA": 9, "childB": 29, "typeB": 9},
  {"timestep": 490, "block": 0, "event": "division", "cell": 12, "childA": 12, "typeA": 9, "childB": 30, "typeB": 9},
  {"timestep": 491, "block": 0, "event": "division", "cell": 9, "childA": 9, "typeA": 9, "childB": 31, "typeB": 9},
  {"timestep": 492, "block": 0, "event": "division", "cell": 14, "childA": 14, "typeA": 9, "childB": 32, "typeB": 9},
  {"timestep": 500, "block": 0, "event": "division", "cell": 17, "childA": 17, "typeA": 9, "childB": 33, "typeB": 9},
  {"timestep": 501, "block": 0, "event": "division", "cell": 20, "childA": 20, "typeA": 9, "childB": 34, "typeB": 9}
]
